Archive member included to satisfy reference by file (symbol)

C:/ST/STM32CubeIDE_1.13.2/STM32CubeIDE/plugins/com.st.stm32cube.ide.mcu.externaltools.gnu-tools-for-stm32.11.3.rel1.win32_1.1.1.202309131626/tools/bin/../lib/gcc/arm-none-eabi/11.3.1/../../../../arm-none-eabi/lib/thumb/v7e-m+fp/hard\libc_nano.a(libc_a-exit.o)
                              C:/ST/STM32CubeIDE_1.13.2/STM32CubeIDE/plugins/com.st.stm32cube.ide.mcu.externaltools.gnu-tools-for-stm32.11.3.rel1.win32_1.1.1.202309131626/tools/bin/../lib/gcc/arm-none-eabi/11.3.1/../../../../arm-none-eabi/lib/thumb/v7e-m+fp/hard/crt0.o (exit)
C:/ST/STM32CubeIDE_1.13.2/STM32CubeIDE/plugins/com.st.stm32cube.ide.mcu.externaltools.gnu-tools-for-stm32.11.3.rel1.win32_1.1.1.202309131626/tools/bin/../lib/gcc/arm-none-eabi/11.3.1/../../../../arm-none-eabi/lib/thumb/v7e-m+fp/hard\libc_nano.a(libc_a-findfp.o)
                              C:/ST/STM32CubeIDE_1.13.2/STM32CubeIDE/plugins/com.st.stm32cube.ide.mcu.externaltools.gnu-tools-for-stm32.11.3.rel1.win32_1.1.1.202309131626/tools/bin/../lib/gcc/arm-none-eabi/11.3.1/../../../../arm-none-eabi/lib/thumb/v7e-m+fp/hard\libc_nano.a(libc_a-exit.o) (__stdio_exit_handler)
C:/ST/STM32CubeIDE_1.13.2/STM32CubeIDE/plugins/com.st.stm32cube.ide.mcu.externaltools.gnu-tools-for-stm32.11.3.rel1.win32_1.1.1.202309131626/tools/bin/../lib/gcc/arm-none-eabi/11.3.1/../../../../arm-none-eabi/lib/thumb/v7e-m+fp/hard\libc_nano.a(libc_a-fwalk.o)
                              C:/ST/STM32CubeIDE_1.13.2/STM32CubeIDE/plugins/com.st.stm32cube.ide.mcu.externaltools.gnu-tools-for-stm32.11.3.rel1.win32_1.1.1.202309131626/tools/bin/../lib/gcc/arm-none-eabi/11.3.1/../../../../arm-none-eabi/lib/thumb/v7e-m+fp/hard\libc_nano.a(libc_a-findfp.o) (_fwalk_sglue)
C:/ST/STM32CubeIDE_1.13.2/STM32CubeIDE/plugins/com.st.stm32cube.ide.mcu.externaltools.gnu-tools-for-stm32.11.3.rel1.win32_1.1.1.202309131626/tools/bin/../lib/gcc/arm-none-eabi/11.3.1/../../../../arm-none-eabi/lib/thumb/v7e-m+fp/hard\libc_nano.a(libc_a-stdio.o)
                              C:/ST/STM32CubeIDE_1.13.2/STM32CubeIDE/plugins/com.st.stm32cube.ide.mcu.externaltools.gnu-tools-for-stm32.11.3.rel1.win32_1.1.1.202309131626/tools/bin/../lib/gcc/arm-none-eabi/11.3.1/../../../../arm-none-eabi/lib/thumb/v7e-m+fp/hard\libc_nano.a(libc_a-findfp.o) (__sread)
C:/ST/STM32CubeIDE_1.13.2/STM32CubeIDE/plugins/com.st.stm32cube.ide.mcu.externaltools.gnu-tools-for-stm32.11.3.rel1.win32_1.1.1.202309131626/tools/bin/../lib/gcc/arm-none-eabi/11.3.1/../../../../arm-none-eabi/lib/thumb/v7e-m+fp/hard\libc_nano.a(libc_a-memset.o)
                              C:/ST/STM32CubeIDE_1.13.2/STM32CubeIDE/plugins/com.st.stm32cube.ide.mcu.externaltools.gnu-tools-for-stm32.11.3.rel1.win32_1.1.1.202309131626/tools/bin/../lib/gcc/arm-none-eabi/11.3.1/../../../../arm-none-eabi/lib/thumb/v7e-m+fp/hard/crt0.o (memset)
C:/ST/STM32CubeIDE_1.13.2/STM32CubeIDE/plugins/com.st.stm32cube.ide.mcu.externaltools.gnu-tools-for-stm32.11.3.rel1.win32_1.1.1.202309131626/tools/bin/../lib/gcc/arm-none-eabi/11.3.1/../../../../arm-none-eabi/lib/thumb/v7e-m+fp/hard\libc_nano.a(libc_a-closer.o)
                              C:/ST/STM32CubeIDE_1.13.2/STM32CubeIDE/plugins/com.st.stm32cube.ide.mcu.externaltools.gnu-tools-for-stm32.11.3.rel1.win32_1.1.1.202309131626/tools/bin/../lib/gcc/arm-none-eabi/11.3.1/../../../../arm-none-eabi/lib/thumb/v7e-m+fp/hard\libc_nano.a(libc_a-stdio.o) (_close_r)
C:/ST/STM32CubeIDE_1.13.2/STM32CubeIDE/plugins/com.st.stm32cube.ide.mcu.externaltools.gnu-tools-for-stm32.11.3.rel1.win32_1.1.1.202309131626/tools/bin/../lib/gcc/arm-none-eabi/11.3.1/../../../../arm-none-eabi/lib/thumb/v7e-m+fp/hard\libc_nano.a(libc_a-reent.o)
                              C:/ST/STM32CubeIDE_1.13.2/STM32CubeIDE/plugins/com.st.stm32cube.ide.mcu.externaltools.gnu-tools-for-stm32.11.3.rel1.win32_1.1.1.202309131626/tools/bin/../lib/gcc/arm-none-eabi/11.3.1/../../../../arm-none-eabi/lib/thumb/v7e-m+fp/hard\libc_nano.a(libc_a-closer.o) (errno)
C:/ST/STM32CubeIDE_1.13.2/STM32CubeIDE/plugins/com.st.stm32cube.ide.mcu.externaltools.gnu-tools-for-stm32.11.3.rel1.win32_1.1.1.202309131626/tools/bin/../lib/gcc/arm-none-eabi/11.3.1/../../../../arm-none-eabi/lib/thumb/v7e-m+fp/hard\libc_nano.a(libc_a-impure.o)
                              C:/ST/STM32CubeIDE_1.13.2/STM32CubeIDE/plugins/com.st.stm32cube.ide.mcu.externaltools.gnu-tools-for-stm32.11.3.rel1.win32_1.1.1.202309131626/tools/bin/../lib/gcc/arm-none-eabi/11.3.1/../../../../arm-none-eabi/lib/thumb/v7e-m+fp/hard\libc_nano.a(libc_a-reent.o) (_impure_ptr)
C:/ST/STM32CubeIDE_1.13.2/STM32CubeIDE/plugins/com.st.stm32cube.ide.mcu.externaltools.gnu-tools-for-stm32.11.3.rel1.win32_1.1.1.202309131626/tools/bin/../lib/gcc/arm-none-eabi/11.3.1/../../../../arm-none-eabi/lib/thumb/v7e-m+fp/hard\libc_nano.a(libc_a-lseekr.o)
[...]
Memory Configuration

Name             Origin             Length             Attributes
RAM              0x0000000020000000 0x0000000000020000 xrw
FLASH            0x0000000008000000 0x0000000000080000 xr
*default*        0x0000000000000000 0xffffffffffffffff

Linker script and memory map

LOAD C:/ST/STM32CubeIDE_1.13.2/STM32CubeIDE/plugins/com.st.stm32cube.ide.mcu.externaltools.gnu-tools-for-stm32.11.3.rel1.win32_1.1.1.202309131626/tools/bin/../lib/gcc/arm-none-eabi/11.3.1/thumb/v7e-m+fp/hard/crti.o
LOAD C:/ST/STM32CubeIDE_1.13.2/STM32CubeIDE/plugins/com.st.stm32cube.ide.mcu.externaltools.gnu-tools-for-stm32.11.3.rel1.win32_1.1.1.202309131626/tools/bin/../lib/gcc/arm-none-eabi/11.3.1/thumb/v7e-m+fp/hard/crtbegin.o
LOAD C:/ST/STM32CubeIDE_1.13.2/STM32CubeIDE/plugins/com.st.stm32cube.ide.mcu.externaltools.gnu-tools-for-stm32.11.3.rel1.win32_1.1.1.202309131626/tools/bin/../lib/gcc/arm-none-eabi/11.3.1/../../../../arm-none-eabi/lib/thumb/v7e-m+fp/hard/crt0.o
LOAD ./Src/GPIO_Program.o
LOAD ./Src/RCC_Program.o
LOAD ./Src/main.o
LOAD ./Src/syscalls.o
LOAD ./Src/sysmem.o
LOAD ./Startup/startup_stm32f446retx.o
START GROUP
LOAD C:/ST/STM32CubeIDE_1.13.2/STM32CubeIDE/plugins/com.st.stm32cube.ide.mcu.externaltools.gnu-tools-for-stm32.11.3.rel1.win32_1.1.1.202309131626/tools/bin/../lib/gcc/arm-none-eabi/11.3.1/../../../../arm-none-eabi/lib/thumb/v7e-m+fp/hard\libc_nano.a
LOAD C:/ST/STM32CubeIDE_1.13.2/STM32CubeIDE/plugins/com.st.stm32cube.ide.mcu.externaltools.gnu-tools-for-stm32.11.3.rel1.win32_1.1.1.202309131626/tools/bin/../lib/gcc/arm-none-eabi/11.3.1/../../../../arm-none-eabi/lib/thumb/v7e-m+fp/hard\libm.a
END GROUP
START GROUP
LOAD C:/ST/STM32CubeIDE_1.13.2/STM32CubeIDE/plugins/com.st.stm32cube.ide.mcu.externaltools.gnu-tools-for-stm32.11.3.rel1.win32_1.1.1.202309131626/tools/bin/../lib/gcc/arm-none-eabi/11.3.1/thumb/v7e-m+fp/hard\libgcc.a
LOAD C:/ST/STM32CubeIDE_1.13.2/STM32CubeIDE/plugins/com.st.stm32cube.ide.mcu.externaltools.gnu-tools-for-stm32.11.3.rel1.win32_1.1.1.202309131626/tools/bin/../lib/gcc/arm-none-eabi/11.3.1/../../../../arm-none-eabi/lib/thumb/v7e-m+fp/hard\libc_nano.a
END GROUP
START GROUP
LOAD C:/ST/STM32CubeIDE_1.13.2/STM32CubeIDE/plugins/com.st.stm32cube.ide.mcu.externaltools.gnu-tools-for-stm32.11.3.rel1.win32_1.1.1.202309131626/tools/bin/../lib/gcc/arm-none-eabi/11.3.1/thumb/v7e-m+fp/hard\libgcc.a
LOAD C:/ST/STM32CubeIDE_1.13.2/STM32CubeIDE/plugins/com.st.stm32cube.ide.mcu.externaltools.gnu-tools-for-stm32.11.3.rel1.win32_1.1.1.202309131626/tools/bin/../lib/gcc/arm-none-eabi/11.3.1/../../../../arm-none-eabi/lib/thumb/v7e-m+fp/hard\libc_nano.a
LOAD C:/ST/STM32CubeIDE_1.13.2/STM32CubeIDE/plugins/com.st.stm32cube.ide.mcu.externaltools.gnu-tools-for-stm32.11.3.rel1.win32_1.1.1.202309131626/tools/bin/../lib/gcc/arm-none-eabi/11.3.1/../../../../arm-none-eabi/lib/thumb/v7e-m+fp/hard\libnosys.a
END GROUP
START GROUP
LOAD C:/ST/STM32CubeIDE_1.13.2/STM32CubeIDE/plugins/com.st.stm32cube.ide.mcu.externaltools.gnu-tools-for-stm32.11.3.rel1.win32_1.1.1.202309131626/tools/bin/../lib/gcc/arm-none-eabi/11.3.1/thumb/v7e-m+fp/hard\libgcc.a
LOAD C:/ST/STM32CubeIDE_1.13.2/STM32CubeIDE/plugins/com.st.stm32cube.ide.mcu.externaltools.gnu-tools-for-stm32.11.3.rel1.win32_1.1.1.202309131626/tools/bin/../lib/gcc/arm-none-eabi/11.3.1/../../../../arm-none-eabi/lib/thumb/v7e-m+fp/hard\libc_nano.a
LOAD C:/ST/STM32CubeIDE_1.13.2/STM32CubeIDE/plugins/com.st.stm32cube.ide.mcu.externaltools.gnu-tools-for-stm32.11.3.rel1.win32_1.1.1.202309131626/tools/bin/../lib/gcc/arm-none-eabi/11.3.1/../../../../arm-none-eabi/lib/thumb/v7e-m+fp/hard\libnosys.a
END GROUP
LOAD C:/ST/STM32CubeIDE_1.13.2/STM32CubeIDE/plugins/com.st.stm32cube.ide.mcu.externaltools.gnu-tools-for-stm32.11.3.rel1.win32_1.1.1.202309131626/tools/bin/../lib/gcc/arm-none-eabi/11.3.1/thumb/v7e-m+fp/hard/crtend.o
LOAD C:/ST/STM32CubeIDE_1.13.2/STM32CubeIDE/plugins/com.st.stm32cube.ide.mcu.externaltools.gnu-tools-for-stm32.11.3.rel1.win32_1.1.1.202309131626/tools/bin/../lib/gcc/arm-none-eabi/11.3.1/thumb/v7e-m+fp/hard/crtn.o
                0x0000000020020000                _estack = (ORIGIN (RAM) + LENGTH (RAM))
                0x0000000000000200                _Min_Heap_Size = 0x200
                0x0000000000000400                _Min_Stack_Size = 0x400

.isr_vector     0x0000000008000000      0x1c4
                0x0000000008000000                . = ALIGN (0x4)
 *(.isr_vector)
 .isr_vector    0x0000000008000000      0x1c4 ./Startup/startup_stm32f446retx.o
                0x0000000008000000                g_pfnVectors
                0x00000000080001c4                . = ALIGN (0x4)

.text           0x00000000080001c4      0xbe8
                0x00000000080001c4                . = ALIGN (0x4)
 *(.text)
 .text          0x00000000080001c4       0x40 C:/ST/STM32CubeIDE_1.13.2/STM32CubeIDE/plugins/com.st.stm32cube.ide.mcu.externaltools.gnu-tools-for-stm32.11.3.rel1.win32_1.1.1.202309131626/tools/bin/../lib/gcc/arm-none-eabi/11.3.1/thumb/v7e-m+fp/hard/crtbegin.o
 *(.text*)
 .text.HAL_GPIO_Init
                0x0000000008000204       0x2c ./Src/GPIO_Program.o
                0x0000000008000204                HAL_GPIO_Init
 .text.HAL_GPIO_Toggle_Pin
                0x0000000008000230       0x6c ./Src/GPIO_Program.o
                0x0000000008000230                HAL_GPIO_Toggle_Pin
 .text.GPIO_Pin_Mode_Config
                0x000000000800029c      0x6c4 ./Src/GPIO_Program.o
 .text.HAL_RCC_Clk_Config
                0x0000000008000960      0x10c ./Src/RCC_Program.o
                0x0000000008000960                HAL_RCC_Clk_Config
 .text.HAL_RCC_Enable_Clk
                0x0000000008000a6c       0xe0 ./Src/RCC_Program.o
                0x0000000008000a6c                HAL_RCC_Enable_Clk
 .text.RCC_PLL_Config
                0x0000000008000b4c      0x154 ./Src/RCC_Program.o
 .text.main     0x0000000008000ca0       0x58 ./Src/main.o
                0x0000000008000ca0                main
 .text.Reset_Handler
                0x0000000008000cf8       0x50 ./Startup/startup_stm32f446retx.o
                0x0000000008000cf8                Reset_Handler
 .text.Default_Handler
                0x0000000008000d48        0x2 ./Startup/startup_stm32f446retx.o
                0x0000000008000d48                RTC_Alarm_IRQHandler
                0x0000000008000d48                EXTI2_IRQHandler
                0x0000000008000d48                TIM8_CC_IRQHandler
                0x0000000008000d48                SPDIF_Rx_IRQHandler
                0x0000000008000d48                DebugMon_Handler
                0x0000000008000d48                SPI4_IRQHandler
                0x0000000008000d48                TIM1_CC_IRQHandler
                0x0000000008000d48                QuadSPI_IRQHandler
                0x0000000008000d48                DMA2_Stream5_IRQHandler
                0x0000000008000d48                HardFault_Handler
                0x0000000008000d48                DMA1_Stream5_IRQHandler
                0x0000000008000d48                SysTick_Handler
                0x0000000008000d48                PVD_IRQHandler
                0x0000000008000d48                SDIO_IRQHandler
                0x0000000008000d48                TAMP_STAMP_IRQHandler
                0x0000000008000d48                PendSV_Handler
                0x0000000008000d48                NMI_Handler
                0x0000000008000d48                CAN2_RX1_IRQHandler
                0x0000000008000d48                EXTI3_IRQHandler
                0x0000000008000d48                TIM8_TRG_COM_TIM14_IRQHandler
                0x0000000008000d48                TIM1_UP_TIM10_IRQHandler
                0x0000000008000d48                FMPI2C1_error_IRQHandler
                0x0000000008000d48                TIM8_UP_TIM13_IRQHandler
                0x0000000008000d48                I2C3_ER_IRQHandler
                0x0000000008000d48                EXTI0_IRQHandler
                0x0000000008000d48                I2C2_EV_IRQHandler
                0x0000000008000d48                DMA1_Stream2_IRQHandler
                0x0000000008000d48                CAN1_RX0_IRQHandler
                0x0000000008000d48                OTG_HS_WKUP_IRQHandler
                0x0000000008000d48                UsageFault_Handler
                0x0000000008000d48                CAN2_SCE_IRQHandler
                0x0000000008000d48                DMA2_Stream2_IRQHandler
                0x0000000008000d48                SPI1_IRQHandler
                0x0000000008000d48                TIM6_DAC_IRQHandler
                0x0000000008000d48                TIM1_BRK_TIM9_IRQHandler
                0x0000000008000d48                DCMI_IRQHandler
                0x0000000008000d48                CAN2_RX0_IRQHandler
                0x0000000008000d48                DMA2_Stream3_IRQHandler
                0x0000000008000d48                FMPI2C1_IRQHandler
                0x0000000008000d48                SAI2_IRQHandler
                0x0000000008000d48                USART6_IRQHandler
                0x0000000008000d48                USART3_IRQHandler
                0x0000000008000d48                CAN1_RX1_IRQHandler
                0x0000000008000d48                UART5_IRQHandler
                0x0000000008000d48                DMA2_Stream0_IRQHandler
                0x0000000008000d48                TIM4_IRQHandler
                0x0000000008000d48                I2C1_EV_IRQHandler
                0x0000000008000d48                HDMI_CEC_IRQHandler
                0x0000000008000d48                DMA1_Stream6_IRQHandler
                0x0000000008000d48                DMA1_Stream1_IRQHandler
                0x0000000008000d48                UART4_IRQHandler
                0x0000000008000d48                TIM3_IRQHandler
                0x0000000008000d48                RCC_IRQHandler
                0x0000000008000d48                TIM8_BRK_TIM12_IRQHandler
                0x0000000008000d48                Default_Handler
                0x0000000008000d48                EXTI15_10_IRQHandler
                0x0000000008000d48                ADC_IRQHandler
                0x0000000008000d48                DMA1_Stream7_IRQHandler
                0x0000000008000d48                TIM7_IRQHandler
                0x0000000008000d48                CAN2_TX_IRQHandler
                0x0000000008000d48                TIM5_IRQHandler
                0x0000000008000d48                DMA2_Stream7_IRQHandler
                0x0000000008000d48                I2C3_EV_IRQHandler
                0x0000000008000d48                EXTI9_5_IRQHandler
                0x0000000008000d48                RTC_WKUP_IRQHandler
                0x0000000008000d48                SPI2_IRQHandler
                0x0000000008000d48                OTG_HS_EP1_IN_IRQHandler
                0x0000000008000d48                MemManage_Handler
                0x0000000008000d48                DMA1_Stream0_IRQHandler
                0x0000000008000d48                CAN1_TX_IRQHandler
                0x0000000008000d48                SVC_Handler
                0x0000000008000d48                EXTI4_IRQHandler
                0x0000000008000d48                OTG_HS_EP1_OUT_IRQHandler
                0x0000000008000d48                WWDG_IRQHandler
                0x0000000008000d48                TIM2_IRQHandler
                0x0000000008000d48                OTG_FS_WKUP_IRQHandler
                0x0000000008000d48                TIM1_TRG_COM_TIM11_IRQHandler
                0x0000000008000d48                OTG_HS_IRQHandler
                0x0000000008000d48                EXTI1_IRQHandler
                0x0000000008000d48                USART2_IRQHandler
                0x0000000008000d48                I2C2_ER_IRQHandler
                0x0000000008000d48                DMA2_Stream1_IRQHandler
                0x0000000008000d48                CAN1_SCE_IRQHandler
                0x0000000008000d48                FLASH_IRQHandler
                0x0000000008000d48                DMA2_Stream4_IRQHandler
                0x0000000008000d48                BusFault_Handler
                0x0000000008000d48                USART1_IRQHandler
                0x0000000008000d48                OTG_FS_IRQHandler
                0x0000000008000d48                SPI3_IRQHandler
                0x0000000008000d48                DMA1_Stream4_IRQHandler
                0x0000000008000d48                I2C1_ER_IRQHandler
                0x0000000008000d48                FMC_IRQHandler
                0x0000000008000d48                DMA2_Stream6_IRQHandler
                0x0000000008000d48                SAI1_IRQHandler
                0x0000000008000d48                DMA1_Stream3_IRQHandler
 *fill*         0x0000000008000d4a        0x2 
 .text.__libc_init_array
                0x0000000008000d4c       0x48 C:/ST/STM32CubeIDE_1.13.2/STM32CubeIDE/plugins/com.st.stm32cube.ide.mcu.externaltools.gnu-tools-for-stm32.11.3.rel1.win32_1.1.1.202309131626/tools/bin/../lib/gcc/arm-none-eabi/11.3.1/../../../../arm-none-eabi/lib/thumb/v7e-m+fp/hard\libc_nano.a(libc_a-init.o)
                0x0000000008000d4c                __libc_init_array
 *(.glue_7)
 .glue_7        0x0000000008000d94        0x0 linker stubs
 *(.glue_7t)
 .glue_7t       0x0000000008000d94        0x0 linker stubs
 *(.eh_frame)
 .eh_frame      0x0000000008000d94        0x0 C:/ST/STM32CubeIDE_1.13.2/STM32CubeIDE/plugins/com.st.stm32cube.ide.mcu.externaltools.gnu-tools-for-stm32.11.3.rel1.win32_1.1.1.202309131626/tools/bin/../lib/gcc/arm-none-eabi/11.3.1/thumb/v7e-m+fp/hard/crtbegin.o
 *(.init)
 .init          0x0000000008000d94        0x4 C:/ST/STM32CubeIDE_1.13.2/STM32CubeIDE/plugins/com.st.stm32cube.ide.mcu.externaltools.gnu-tools-for-stm32.11.3.rel1.win32_1.1.1.202309131626/tools/bin/../lib/gcc/arm-none-eabi/11.3.1/thumb/v7e-m+fp/hard/crti.o
                0x0000000008000d94                _init
 .init          0x0000000008000d98        0x8 C:/ST/STM32CubeIDE_1.13.2/STM32CubeIDE/plugins/com.st.stm32cube.ide.mcu.externaltools.gnu-tools-for-stm32.11.3.rel1.win32_1.1.1.202309131626/tools/bin/../lib/gcc/arm-none-eabi/11.3.1/thumb/v7e-m+fp/hard/crtn.o
 *(.fini)
 .fini          0x0000000008000da0        0x4 C:/ST/STM32CubeIDE_1.13.2/STM32CubeIDE/plugins/com.st.stm32cube.ide.mcu.externaltools.gnu-tools-for-stm32.11.3.rel1.win32_1.1.1.202309131626/tools/bin/../lib/gcc/arm-none-eabi/11.3.1/thumb/v7e-m+fp/hard/crti.o
                0x0000000008000da0                _fini
 .fini          0x0000000008000da4        0x8 C:/ST/STM32CubeIDE_1.13.2/STM32CubeIDE/plugins/com.st.stm32cube.ide.mcu.externaltools.gnu-tools-for-stm32.11.3.rel1.win32_1.1.1.202309131626/tools/bin/../lib/gcc/arm-none-eabi/11.3.1/thumb/v7e-m+fp/hard/crtn.o
                0x0000000008000dac                . = ALIGN (0x4)
                0x0000000008000dac                _etext = .

.vfp11_veneer   0x0000000008000dac        0x0
 .vfp11_veneer  0x0000000008000dac        0x0 linker stubs

.v4_bx          0x0000000008000dac        0x0
 .v4_bx         0x0000000008000dac        0x0 linker stubs

.iplt           0x0000000008000dac        0x0
 .iplt          0x0000000008000dac        0x0 C:/ST/STM32CubeIDE_1.13.2/STM32CubeIDE/plugins/com.st.stm32cube.ide.mcu.externaltools.gnu-tools-for-stm32.11.3.rel1.win32_1.1.1.202309131626/tools/bin/../lib/gcc/arm-none-eabi/11.3.1/thumb/v7e-m+fp/hard/crtbegin.o

.rel.dyn        0x0000000008000dac        0x0
 .rel.iplt      0x0000000008000dac        0x0 C:/ST/STM32CubeIDE_1.13.2/STM32CubeIDE/plugins/com.st.stm32cube.ide.mcu.externaltools.gnu-tools-for-stm32.11.3.rel1.win32_1.1.1.202309131626/tools/bin/../lib/gcc/arm-none-eabi/11.3.1/thumb/v7e-m+fp/hard/crtbegin.o

.rodata         0x0000000008000dac        0x0
                0x0000000008000dac                . = ALIGN (0x4)
 *(.rodata)
 *(.rodata*)
                0x0000000008000dac                . = ALIGN (0x4)

.ARM.extab      0x0000000008000dac        0x0
                0x0000000008000dac                . = ALIGN (0x4)
 *(.ARM.extab* .gnu.linkonce.armextab.*)
                0x0000000008000dac                . = ALIGN (0x4)

.ARM            0x0000000008000dac        0x0
                0x0000000008000dac                . = ALIGN (0x4)
                0x0000000008000dac                __exidx_start = .
 *(.ARM.exidx*)
                0x0000000008000dac                __exidx_end = .
                0x0000000008000dac                . = ALIGN (0x4)

.preinit_array  0x0000000008000dac        0x0
                0x0000000008000dac                . = ALIGN (0x4)
                0x0000000008000dac                PROVIDE (__preinit_array_start = .)
 *(.preinit_array*)
                0x0000000008000dac                PROVIDE (__preinit_array_end = .)
                0x0000000008000dac                . = ALIGN (0x4)

.init_array     0x0000000008000dac        0x4
                0x0000000008000dac                . = ALIGN (0x4)
                0x0000000008000dac                PROVIDE (__init_array_start = .)
 *(SORT_BY_NAME(.init_array.*))
 *(.init_array*)
 .init_array    0x0000000008000dac        0x4 C:/ST/STM32CubeIDE_1.13.2/STM32CubeIDE/plugins/com.st.stm32cube.ide.mcu.externaltools.gnu-tools-for-stm32.11.3.rel1.win32_1.1.1.202309131626/tools/bin/../lib/gcc/arm-none-eabi/11.3.1/thumb/v7e-m+fp/hard/crtbegin.o
                0x0000000008000db0                PROVIDE (__init_array_end = .)
                0x0000000008000db0                . = ALIGN (0x4)

.fini_array     0x0000000008000db0        0x4
                0x0000000008000db0                . = ALIGN (0x4)
                [!provide]                        PROVIDE (__fini_array_start = .)
 *(SORT_BY_NAME(.fini_array.*))
 *(.fini_array*)
 .fini_array    0x0000000008000db0        0x4 C:/ST/STM32CubeIDE_1.13.2/STM32CubeIDE/plugins/com.st.stm32cube.ide.mcu.externaltools.gnu-tools-for-stm32.11.3.rel1.win32_1.1.1.202309131626/tools/bin/../lib/gcc/arm-none-eabi/11.3.1/thumb/v7e-m+fp/hard/crtbegin.o
                [!provide]                        PROVIDE (__fini_array_end = .)
                0x0000000008000db4                . = ALIGN (0x4)
                0x0000000008000db4                _sidata = LOADADDR (.data)

.data           0x0000000020000000       0x10 load address 0x0000000008000db4
                0x0000000020000000                . = ALIGN (0x4)
                0x0000000020000000                _sdata = .
 *(.data)
 *(.data*)
 .data.GPIO_Arr
                0x0000000020000000        0xc ./Src/GPIO_Program.o
 .data.led      0x000000002000000c        0x2 ./Src/main.o
                0x000000002000000c                led
 *(.RamFunc)
 *(.RamFunc*)
                0x0000000020000010                . = ALIGN (0x4)
 *fill*         0x000000002000000e        0x2 
                0x0000000020000010                _edata = .

.igot.plt       0x0000000020000010        0x0 load address 0x0000000008000dc4
 .igot.plt      0x0000000020000010        0x0 C:/ST/STM32CubeIDE_1.13.2/STM32CubeIDE/plugins/com.st.stm32cube.ide.mcu.externaltools.gnu-tools-for-stm32.11.3.rel1.win32_1.1.1.202309131626/tools/bin/../lib/gcc/arm-none-eabi/11.3.1/thumb/v7e-m+fp/hard/crtbegin.o
                0x0000000020000010                . = ALIGN (0x4)

.bss            0x0000000020000010       0x30 load address 0x0000000008000dc4
                0x0000000020000010                _sbss = .
                0x0000000020000010                __bss_start__ = _sbss
 *(.bss)
 .bss           0x0000000020000010       0x1c C:/ST/STM32CubeIDE_1.13.2/STM32CubeIDE/plugins/com.st.stm32cube.ide.mcu.externaltools.gnu-tools-for-stm32.11.3.rel1.win32_1.1.1.202309131626/tools/bin/../lib/gcc/arm-none-eabi/11.3.1/thumb/v7e-m+fp/hard/crtbegin.o
 *(.bss*)
 .bss.rcc       0x000000002000002c       0x14 ./Src/main.o
                0x000000002000002c                rcc
 *(COMMON)
                0x0000000020000040                . = ALIGN (0x4)
                0x0000000020000040                _ebss = .
                0x0000000020000040                __bss_end__ = _ebss

._user_heap_stack
                0x0000000020000040      0x600 load address 0x0000000008000dc4
                0x0000000020000040                . = ALIGN (0x8)
                [!provide]                        PROVIDE (end = .)
                0x0000000020000040                PROVIDE (_end = .)
                0x0000000020000240                . = (. + _Min_Heap_Size)
 *fill*         0x0000000020000040      0x200 
                0x0000000020000640                . = (. + _Min_Stack_Size)
 *fill*         0x0000000020000240      0x400 
                0x0000000020000640                . = ALIGN (0x8)

/DISCARD/
 libc.a(*)
 libm.a(*)
 libgcc.a(*)

.ARM.attributes
                0x0000000000000000       0x30
 *(.ARM.attributes)
 .ARM.attributes
                0x0000000000000000       0x1e C:/ST/STM32CubeIDE_1.13.2/STM32CubeIDE/plugins/com.st.stm32cube.ide.mcu.externaltools.gnu-tools-for-stm32.11.3.rel1.win32_1.1.1.202309131626/tools/bin/../lib/gcc/arm-none-eabi/11.3.1/thumb/v7e-m+fp/hard/crti.o
 .ARM.attributes
                0x000000000000001e       0x34 C:/ST/STM32CubeIDE_1.13.2/STM32CubeIDE/plugins/com.st.stm32cube.ide.mcu.externaltools.gnu-tools-for-stm32.11.3.rel1.win32_1.1.1.202309131626/tools/bin/../lib/gcc/arm-none-eabi/11.3.1/thumb/v7e-m+fp/hard/crtbegin.o
 .ARM.attributes
                0x0000000000000052       0x34 ./Src/GPIO_Program.o
 .ARM.attributes
                0x0000000000000086       0x34 ./Src/RCC_Program.o
 .ARM.attributes
                0x00000000000000ba       0x34 ./Src/main.o
 .ARM.attributes
                0x00000000000000ee       0x21 ./Startup/startup_stm32f446retx.o
 .ARM.attributes
                0x000000000000010f       0x34 C:/ST/STM32CubeIDE_1.13.2/STM32CubeIDE/plugins/com.st.stm32cube.ide.mcu.externaltools.gnu-tools-for-stm32.11.3.rel1.win32_1.1.1.202309131626/tools/bin/../lib/gcc/arm-none-eabi/11.3.1/../../../../arm-none-eabi/lib/thumb/v7e-m+fp/hard\libc_nano.a(libc_a-init.o)
 .ARM.attributes
                0x0000000000000143       0x1e C:/ST/STM32CubeIDE_1.13.2/STM32CubeIDE/plugins/com.st.stm32cube.ide.mcu.externaltools.gnu-tools-for-stm32.11.3.rel1.win32_1.1.1.202309131626/tools/bin/../lib/gcc/arm-none-eabi/11.3.1/thumb/v7e-m+fp/hard/crtn.o
OUTPUT(GPIO_Test.elf elf32-littlearm)
LOAD linker stubs
LOAD C:/ST/STM32CubeIDE_1.13.2/STM32CubeIDE/plugins/com.st.stm32cube.ide.mcu.externaltools.gnu-tools-for-stm32.11.3.rel1.win32_1.1.1.202309131626/tools/bin/../lib/gcc/arm-none-eabi/11.3.1/../../../../arm-none-eabi/lib/thumb/v7e-m+fp/hard\libc.a
LOAD C:/ST/STM32CubeIDE_1.13.2/STM32CubeIDE/plugins/com.st.stm32cube.ide.mcu.externaltools.gnu-tools-for-stm32.11.3.rel1.win32_1.1.1.202309131626/tools/bin/../lib/gcc/arm-none-eabi/11.3.1/../../../../arm-none-eabi/lib/thumb/v7e-m+fp/hard\libm.a
LOAD C:/ST/STM32CubeIDE_1.13.2/STM32CubeIDE/plugins/com.st.stm32cube.ide.mcu.externaltools.gnu-tools-for-stm32.11.3.rel1.win32_1.1.1.202309131626/tools/bin/../lib/gcc/arm-none-eabi/11.3.1/thumb/v7e-m+fp/hard\libgcc.a

.comment        0x0000000000000000       0x43
 .comment       0x0000000000000000       0x43 C:/ST/STM32CubeIDE_1.13.2/STM32CubeIDE/plugins/com.st.stm32cube.ide.mcu.externaltools.gnu-tools-for-stm32.11.3.rel1.win32_1.1.1.202309131626/tools/bin/../lib/gcc/arm-none-eabi/11.3.1/thumb/v7e-m+fp/hard/crtbegin.o
                                         0x44 (size before relaxing)
 .comment       0x0000000000000043       0x44 ./Src/GPIO_Program.o
 .comment       0x0000000000000043       0x44 ./Src/RCC_Program.o
 .comment       0x0000000000000043       0x44 ./Src/main.o

.debug_info     0x0000000000000000      0x98b
 .debug_info    0x0000000000000000      0x30b ./Src/GPIO_Program.o
 .debug_info    0x000000000000030b      0x3e8 ./Src/RCC_Program.o
 .debug_info    0x00000000000006f3      0x275 ./Src/main.o
 .debug_info    0x0000000000000968       0x23 ./Startup/startup_stm32f446retx.o

.debug_abbrev   0x0000000000000000      0x371
 .debug_abbrev  0x0000000000000000      0x143 ./Src/GPIO_Program.o
 .debug_abbrev  0x0000000000000143      0x11e ./Src/RCC_Program.o
 .debug_abbrev  0x0000000000000261       0xfe ./Src/main.o
 .debug_abbrev  0x000000000000035f       0x12 ./Startup/startup_stm32f446retx.o

.debug_aranges  0x0000000000000000       0xc8
 .debug_aranges
                0x0000000000000000       0x48 ./Src/GPIO_Program.o
 .debug_aranges
                0x0000000000000048       0x38 ./Src/RCC_Program.o
 .debug_aranges
                0x0000000000000080       0x20 ./Src/main.o
 .debug_aranges
                0x00000000000000a0       0x28 ./Startup/startup_stm32f446retx.o

.debug_rnglists
                0x0000000000000000       0x8a
 .debug_rnglists
                0x0000000000000000       0x35 ./Src/GPIO_Program.o
 .debug_rnglists
                0x0000000000000035       0x29 ./Src/RCC_Program.o
 .debug_rnglists
                0x000000000000005e       0x13 ./Src/main.o
 .debug_rnglists
                0x0000000000000071       0x19 ./Startup/startup_stm32f446retx.o

.debug_macro    0x0000000000000000     0x13a6
 .debug_macro   0x0000000000000000       0x53 ./Src/GPIO_Program.o
 .debug_macro   0x0000000000000053      0xab4 ./Src/GPIO_Program.o
 .debug_macro   0x0000000000000b07       0x34 ./Src/GPIO_Program.o
 .debug_macro   0x0000000000000b3b       0x16 ./Src/GPIO_Program.o
 .debug_macro   0x0000000000000b51       0x46 ./Src/GPIO_Program.o
 .debug_macro   0x0000000000000b97       0xd6 ./Src/GPIO_Program.o
 .debug_macro   0x0000000000000c6d       0x4d ./Src/RCC_Program.o
 .debug_macro   0x0000000000000cba      0x20e ./Src/RCC_Program.o
 .debug_macro   0x0000000000000ec8       0x91 ./Src/main.o
 .debug_macro   0x0000000000000f59       0x22 ./Src/main.o
 .debug_macro   0x0000000000000f7b       0x8e ./Src/main.o
 .debug_macro   0x0000000000001009       0x51 ./Src/main.o
 .debug_macro   0x000000000000105a      0x103 ./Src/main.o
 .debug_macro   0x000000000000115d       0x6a ./Src/main.o
 .debug_macro   0x00000000000011c7      0x1df ./Src/main.o

.debug_line     0x0000000000000000      0xa11
 .debug_line    0x0000000000000000      0x259 ./Src/GPIO_Program.o
 .debug_line    0x0000000000000259      0x2cb ./Src/RCC_Program.o
 .debug_line    0x0000000000000524      0x472 ./Src/main.o
 .debug_line    0x0000000000000996       0x7b ./Startup/startup_stm32f446retx.o

.debug_str      0x0000000000000000     0x4c44
 .debug_str     0x0000000000000000     0x3453 ./Src/GPIO_Program.o
                                       0x34ca (size before relaxing)
 .debug_str     0x0000000000003453      0x9f2 ./Src/RCC_Program.o
                                       0x3b65 (size before relaxing)
 .debug_str     0x0000000000003e45      0xdd0 ./Src/main.o
                                       0x4980 (size before relaxing)
 .debug_str     0x0000000000004c15       0x2f ./Startup/startup_stm32f446retx.o
                                         0x5b (size before relaxing)

.debug_frame    0x0000000000000000      0x204
 .debug_frame   0x0000000000000000       0xfc ./Src/GPIO_Program.o
 .debug_frame   0x00000000000000fc       0xac ./Src/RCC_Program.o
 .debug_frame   0x00000000000001a8       0x30 ./Src/main.o
 .debug_frame   0x00000000000001d8       0x2c C:/ST/STM32CubeIDE_1.13.2/STM32CubeIDE/plugins/com.st.stm32cube.ide.mcu.externaltools.gnu-tools-for-stm32.11.3.rel1.win32_1.1.1.202309131626/tools/bin/../lib/gcc/arm-none-eabi/11.3.1/../../../../arm-none-eabi/lib/thumb/v7e-m+fp/hard\libc_nano.a(libc_a-init.o)

.debug_line_str
                0x0000000000000000       0x4f
 .debug_line_str
                0x0000000000000000       0x4f ./Startup/startup_stm32f446retx.o
                                         0x67 (size before relaxing)
